// Jest Snapshot v1, https://goo.gl/fbAQLP

exports[`App should render correctly 1`] = `
<TerminateModalFlow
  deleteWorkspaces={Array []}
  fetchRelatedWorkspaces={[Function]}
  loading={true}
  redirectToHomepage={[Function]}
  requiredTransferWorkspaces={Array []}
  resetTerminateAccountStatus={[Function]}
  terminateAccount={[Function]}
  terminateAccountError={[Function]}
  terminateAccountStatus={Object {}}
  transferOwnership={[Function]}
  transferOwnershipStatus={
    Object {
      "status": "pending",
      "toUserId": null,
      "workspaceId": null,
    }
  }
  transferableMembers={Array []}
  user={
    Object {
      "_id": "user1",
      "email": "ross@example.com",
      "name": "Ross Lynch",
    }
  }
/>
`;
